HI-TECH Software 8051-C Compiler V9.60

Linker command line:

--edf=C:\PROGRA~2\HI-TEC~1\HC51\lite\9.60\dat\en_msgs.txt \
  -h+Z:\3praktika.sym -z -Q8051AH -ol.obj -MZ:\3praktika.map -E1 \
  -ver=8051-C#V9.60 -ACODE=00h-0FFFh -pvectors=00h \
  -prbit=0/20h,rbss,rdata/CODE,irdata/CODE,idata/rbss -pbss=XDATA/idata \
  -pdata=CODE+100h -pconst=CODE+100h -pstrings=CODE+100h -pnvram=bss,heap \
  C:\Users\class\AppData\Local\Temp\sd68.obj Z:\main_0.obj \
  C:\PROGRA~2\HI-TEC~1\HC51\lite\9.60\lib\51--nsc.lib 

Object code version is 3.8

Machine type is 8051AH

Call graph:

*start1 size 0,0 offset 0
*    _main size 0,4 offset 0
*        _s1out size 0,17 offset 4

		Name          Link     Load   Length Selector Space Scale
C:\Users\class\AppData\Local\Temp\sd68.obj
		vectors          0        0        3       0     0
		text            B7       B7       14       0     0
Z:\main_0.obj   data           100      100        8     100     0
		strings        108      108        4     100     0
		text           10C      10C      226     100     0

C:\PROGRA~2\HI-TEC~1\HC51\lite\9.60\lib\51--nsc.lib
ldc_byte.obj    text             3        3       73       0     0
powerup.obj     text            CB       CB        3       0     0
str_cops.obj    text            76       76       41       0     0

COMMON          rbss            20       20       15      20     1

TOTAL		Name          Link     Load   Length
	CLASS	CODE     
		vectors          0        0        3
		data           100      100        8
		text            B7       B7       14
		strings        108      108        4
		text           10C      10C      226
		text             3        3       73
		text            CB       CB        3
		text            76       76       41

	CLASS	DATA     
		rbss            20       20       15

	CLASS	XDATA    

	CLASS	BITSEG   



SEGMENTS	Name		Load	Length	 Top	Selector    Space Class

		vectors         000000	0000CE	0000CE	       0       0  CODE    
		rbit            000020	000015	000035	      20       1  BITSEG  
		data            000100	000232	000332	     100       0  CODE    


UNUSED ADDRESS RANGES

	CODE             0CE-0FF
	                 332-FFF

                                  Symbol Table

?a_main        rbss    020  ?a_s1out       rbss    024
?a_s2out       rbss    020  __Bbss         bss     035
__Bidata       idata   035  __Birdata      irdata  003
__Brbit        rbit    020  __Brdata       rdata   003
__Hbss         bss     035  __Hcode        code    035
__Hconst       const   100  __Hdata        data    108
__Hheap        heap    035  __Hidata       idata   035
__Hirdata      irdata  035  __Hnvram       nvram   035
__Hrbit        rbit    000  __Hrbss        rbss    035
__Hrdata       rdata   035  __Hstrings     strings 10C
__Htext        text    035  __Hvectors     vectors 003
__Lbss         bss     035  __Lcode        code    035
__Lconst       const   100  __Ldata        data    100
__Lheap        heap    035  __Lidata       idata   035
__Lirdata      irdata  035  __Lnvram       nvram   035
__Lrbit        rbit    000  __Lrbss        rbss    020
__Lrdata       rdata   035  __Lstrings     strings 108
__Ltext        text    035  __Lvectors     vectors 000
__S0           (abs)   332  _exit          text    0C8
_main          text    2E6  _s1out         text    10C
_s2out         text    290  intlevel0      (abs)   000
intlevel1      (abs)   000  ldb_r0         text    012
ldb_r1         text    01F  ldb_r2         text    02C
ldb_r3         text    039  ldb_r4         text    046
ldb_r5         text    053  ldb_r6         text    060
ldb_r7         text    06D  ldc_byte       text    003
ldc_r0         text    00E  ldc_r1         text    01B
ldc_r2         text    028  ldc_r3         text    035
ldc_r4         text    042  ldc_r5         text    04F
ldc_r6         text    05C  ldc_r7         text    069
powerup        text    0CB  small_model    (abs)   001
stack_internal (abs)   001  start          vectors 000
start1         text    0B7  str_copy       text    08C
str_load       text    08C  str_xcopy      text    076
strx_copy      text    08C  strx_load      text    08C
strx_xcopy     text    076  
